2025-07-07 23:25:26,105 - __main__ - ERROR - Error en diagnóstico: 'list' object has no attribute 'keys'
2025-07-07 23:25:26,115 - __main__ - ERROR - Traceback (most recent call last):
  File "C:\Users\delpi\OneDrive\Tesis\ADRpy-VTOL\ADRpy\analisis\debug_imputation_flow.py", line 52, in main
    for celda_key in detalles_por_celda.keys():
                     ^^^^^^^^^^^^^^^^^^^^^^^
AttributeError: 'list' object has no attribute 'keys'

2025-07-07 23:27:22,632 - Analisis_modelos.plot_model_curves - DEBUG - Subdiccionario 'similitud' vacío o inválido en A7|Payload
2025-07-07 23:27:22,633 - Analisis_modelos.plot_model_curves - INFO - Punto de imputación añadido: A7|Payload.correlacion -> var_indep_1=46.0, var_indep_2=8.12, valor_imputado=63.15356565373054
2025-07-07 23:27:22,633 - Analisis_modelos.plot_model_curves - INFO - Punto de imputación añadido: A7|Payload.final -> var_indep_1=46.0, var_indep_2=8.12, valor_imputado=63.15356565373054
2025-07-07 23:27:22,633 - Analisis_modelos.plot_model_curves - INFO - Extraídos 2 puntos de imputación para A7|Payload
2025-07-07 23:27:22,633 - Analisis_modelos.plot_model_curves - DEBUG - Subdiccionario 'similitud' vacío o inválido en A7|Payload
2025-07-07 23:27:22,634 - Analisis_modelos.plot_model_curves - DEBUG - Punto correlacion omitido por filtro de predictores: 2 != 1
2025-07-07 23:27:22,634 - Analisis_modelos.plot_model_curves - DEBUG - Punto final omitido por filtro de predictores: 2 != 1
2025-07-07 23:27:22,634 - Analisis_modelos.plot_model_curves - INFO - Extraídos 0 puntos de imputación para A7|Payload
2025-07-07 23:27:22,634 - Analisis_modelos.plot_model_curves - DEBUG - Subdiccionario 'similitud' vacío o inválido en A7|Payload
2025-07-07 23:27:22,634 - Analisis_modelos.plot_model_curves - INFO - Punto de imputación añadido: A7|Payload.correlacion -> var_indep_1=46.0, var_indep_2=8.12, valor_imputado=63.15356565373054
2025-07-07 23:27:22,634 - Analisis_modelos.plot_model_curves - INFO - Punto de imputación añadido: A7|Payload.final -> var_indep_1=46.0, var_indep_2=8.12, valor_imputado=63.15356565373054
2025-07-07 23:27:22,635 - Analisis_modelos.plot_model_curves - INFO - Extraídos 2 puntos de imputación para A7|Payload
2025-07-07 23:27:22,636 - Analisis_modelos.plot_model_curves - DEBUG - Subdiccionario 'similitud' vacío o inválido en A7|Payload
2025-07-07 23:27:22,636 - Analisis_modelos.plot_model_curves - INFO - Punto de imputación añadido: A7|Payload.correlacion -> var_indep_1=46.0, var_indep_2=8.12, valor_imputado=63.15356565373054
2025-07-07 23:27:22,636 - Analisis_modelos.plot_model_curves - INFO - Punto de imputación añadido: A7|Payload.final -> var_indep_1=46.0, var_indep_2=8.12, valor_imputado=63.15356565373054
2025-07-07 23:27:22,637 - Analisis_modelos.plot_model_curves - INFO - Extraídos 2 puntos de imputación para A7|Payload
2025-07-07 23:33:06,135 - Analisis_modelos.plot_model_curves - DEBUG - Subdiccionario 'similitud' vacío o inválido en A7|Payload
2025-07-07 23:33:06,135 - Analisis_modelos.plot_model_curves - INFO - Punto de imputación añadido: A7|Payload.correlacion -> var_indep_1=46.0, var_indep_2=8.12, valor_imputado=63.15356565373054
2025-07-07 23:33:06,135 - Analisis_modelos.plot_model_curves - INFO - Punto de imputación añadido: A7|Payload.final -> var_indep_1=46.0, var_indep_2=8.12, valor_imputado=63.15356565373054
2025-07-07 23:33:06,136 - Analisis_modelos.plot_model_curves - INFO - Extraídos 2 puntos de imputación para A7|Payload
2025-07-07 23:33:06,136 - Analisis_modelos.plot_model_curves - DEBUG - Subdiccionario 'similitud' vacío o inválido en A7|Payload
2025-07-07 23:33:06,136 - Analisis_modelos.plot_model_curves - DEBUG - Punto correlacion omitido por filtro de predictores: 2 != 1
2025-07-07 23:33:06,137 - Analisis_modelos.plot_model_curves - DEBUG - Punto final omitido por filtro de predictores: 2 != 1
2025-07-07 23:33:06,137 - Analisis_modelos.plot_model_curves - INFO - Extraídos 0 puntos de imputación para A7|Payload
2025-07-07 23:33:06,137 - Analisis_modelos.plot_model_curves - DEBUG - Subdiccionario 'similitud' vacío o inválido en A7|Payload
2025-07-07 23:33:06,137 - Analisis_modelos.plot_model_curves - INFO - Punto de imputación añadido: A7|Payload.correlacion -> var_indep_1=46.0, var_indep_2=8.12, valor_imputado=63.15356565373054
2025-07-07 23:33:06,137 - Analisis_modelos.plot_model_curves - INFO - Punto de imputación añadido: A7|Payload.final -> var_indep_1=46.0, var_indep_2=8.12, valor_imputado=63.15356565373054
2025-07-07 23:33:06,137 - Analisis_modelos.plot_model_curves - INFO - Extraídos 2 puntos de imputación para A7|Payload
2025-07-07 23:33:06,139 - Analisis_modelos.plot_model_curves - DEBUG - Subdiccionario 'similitud' vacío o inválido en A7|Payload
2025-07-07 23:33:06,139 - Analisis_modelos.plot_model_curves - INFO - Punto de imputación añadido: A7|Payload.correlacion -> var_indep_1=46.0, var_indep_2=8.12, valor_imputado=63.15356565373054
2025-07-07 23:33:06,139 - Analisis_modelos.plot_model_curves - INFO - Punto de imputación añadido: A7|Payload.final -> var_indep_1=46.0, var_indep_2=8.12, valor_imputado=63.15356565373054
2025-07-07 23:33:06,139 - Analisis_modelos.plot_model_curves - INFO - Extraídos 2 puntos de imputación para A7|Payload
